Microchip MPLAB XC8 Compiler V1.44 ()

Linker command line:

-W-3 --edf=C:\Program Files (x86)\Microchip\xc8\v1.44\dat\en_msgs.txt -cs \
  -h+dist/default/debug\Testrigg.X.debug.sym \
  --cmf=dist/default/debug\Testrigg.X.debug.cmf -z -Q16F15344 \
  -oC:\Users\Jens\AppData\Local\Temp\s8dk.2 \
  -Mdist/default/debug/Testrigg.X.debug.map -E1 -ver=XC8 \
  -ASTACK=0204Dh-021efh -pstack=STACK -ACODE=00h-07FFhx2 \
  -ASTRCODE=00h-0FFFh -ASTRING=00h-0FFhx16 -ACONST=00h-0FFhx16 \
  -AENTRY=00h-0FFhx16 -ACOMMON=070h-07Fh -ABANK0=020h-06Fh \
  -ABANK1=0A0h-0EFh -ABANK2=0120h-016Fh -ABANK3=01A0h-01EFh \
  -ABANK4=0220h-026Fh -ABANK5=02A0h-02EFh -ABANK6=0320h-032Fh \
  -ABIGRAM=02000h-021EFh \
  -ARAM=020h-06Fh,0A0h-0EFh,0120h-016Fh,01A0h-01EFh,0220h-026Fh,02A0h-02EFh,0320h-032Fh \
  -AABS1=020h-07Fh,0A0h-0EFh,0120h-016Fh,01A0h-01EFh,0220h-026Fh,02A0h-02EFh,0320h-032Fh \
  -ASFR0=00h-01Fh -ASFR1=080h-09Fh -ASFR2=0100h-011Fh -ASFR3=0180h-019Fh \
  -ASFR4=0200h-021Fh -ASFR5=0280h-029Fh -ASFR6=0300h-031Fh \
  -ASFR7=0380h-03EFh -ASFR8=0400h-046Fh -ASFR9=0480h-04EFh \
  -ASFR10=0500h-056Fh -ASFR11=0580h-05EFh -ASFR12=0600h-066Fh \
  -ASFR13=0680h-06EFh -ASFR14=0700h-076Fh -ASFR15=0780h-07EFh \
  -ASFR16=0800h-086Fh -ASFR17=0880h-08EFh -ASFR18=0900h-096Fh \
  -ASFR19=0980h-09EFh -ASFR20=0A00h-0A6Fh -ASFR21=0A80h-0AEFh \
  -ASFR22=0B00h-0B6Fh -ASFR23=0B80h-0BEFh -ASFR24=0C00h-0C6Fh \
  -ASFR25=0C80h-0CEFh -ASFR26=0D00h-0D6Fh -ASFR27=0D80h-0DEFh \
  -ASFR28=0E00h-0E6Fh -ASFR29=0E80h-0EEFh -ASFR30=0F00h-0F6Fh \
  -ASFR31=0F80h-0FEFh -ASFR32=01000h-0106Fh -ASFR33=01080h-010EFh \
  -ASFR34=01100h-0116Fh -ASFR35=01180h-011EFh -ASFR36=01200h-0126Fh \
  -ASFR37=01280h-012EFh -ASFR38=01300h-0136Fh -ASFR39=01380h-013EFh \
  -ASFR40=01400h-0146Fh -ASFR41=01480h-014EFh -ASFR42=01500h-0156Fh \
  -ASFR43=01580h-015EFh -ASFR44=01600h-0166Fh -ASFR45=01680h-016EFh \
  -ASFR46=01700h-0176Fh -ASFR47=01780h-017EFh -ASFR48=01800h-0186Fh \
  -ASFR49=01880h-018EFh -ASFR50=01900h-0196Fh -ASFR51=01980h-019EFh \
  -ASFR52=01A00h-01A6Fh -ASFR53=01A80h-01AEFh -ASFR54=01B00h-01B6Fh \
  -ASFR55=01B80h-01BEFh -ASFR56=01C00h-01C6Fh -ASFR57=01C80h-01CEFh \
  -ASFR58=01D00h-01D6Fh -ASFR59=01D80h-01DEFh -ASFR60=01E00h-01E6Fh \
  -ASFR61=01E80h-01EEFh -ASFR62=01F00h-01F6Fh -ASFR63=01F80h-01FEFh \
  -preset_vec=00h,intentry=04h,init,end_init -ppowerup=CODE -pcinit=CODE \
  -pfunctab=ENTRY -ACONFIG=08007h-0800Bh -pconfig=CONFIG -DCONFIG=2 \
  -AIDLOC=08000h-08003h -pidloc=IDLOC -DIDLOC=2 -DCODE=2 -DSTRCODE=2 \
  -DSTRING=2 -DCONST=2 -DENTRY=2 -k \
  C:\Users\Jens\AppData\Local\Temp\s8dk.obj \
  dist/default/debug\Testrigg.X.debug.obj 

Object code version is 3.11

Machine type is 16F15344



                Name                               Link     Load   Length Selector   Space Scale
C:\Users\Jens\AppData\Local\Temp\s8dk.obj
                end_init                             25       25        2        8       0
                reset_vec                             0        0        3        0       0
                config                             8007     8007        5    1000E       0
dist/default/debug\Testrigg.X.debug.obj
                cinit                                27       27        A        8       0
                intentry                              4        4       21        8       0
                text18                              46B      46B       16      8D6       0
                text17                              5BB      5BB        A      B62       0
                text16                              3CF      3CF       22        8       0
                text15                              5E7      5E7        8      BBE       0
                text14                              40B      40B       1A        8       0
                text13                              2A2      2A2       59        8       0
                text12                              494      494       11      928       0
                text11                              2FB      2FB       4B        8       0
                text10                              5DF      5DF        8      BBE       0
                text9                               3F1      3F1       1A        8       0
                text8                               157      157       77        8       0
                text7                               242      242       60        8       0
                text6                               1CE      1CE       74        8       0
                text5                               425      425       19        8       0
                text4                               5B1      5B1        A      B62       0
                text3                               386      386       27        8       0
                text2                               346      346       40        8       0
                text1                                31       31      126        8       0
                maintext                            3AD      3AD       22        8       0
                cstackBANK0                          20       20       49       20       1
                cstackCOMMON                         70       70        C       70       1
                bssBANK0                             69       69        4       20       1
                bssCOMMON                            7C       7C        1       70       1
                stringtext33                        602      602        4      BDE       0
                stringtext32                        5FD      5FD        5      BDE       0
                stringtext31                        5F6      5F6        7      BDE       0
                stringtext30                        5EF      5EF        7      BDE       0
                stringtext29                        5D7      5D7        8      B8A       0
                stringtext28                        5CE      5CE        9      B8A       0
                stringtext27                        5C5      5C5        9      B8A       0
                stringtext26                        5A7      5A7        A      94A       0
                stringtext25                        59D      59D        A      94A       0
                stringtext24                        593      593        A      94A       0
                stringtext23                        589      589        A      94A       0
                stringtext22                        57F      57F        A      94A       0
                stringtext21                        575      575        A      94A       0
                stringtext20                        56B      56B        A      94A       0
                stringtext19                        560      560        B      94A       0
                stringtext18                        555      555        B      94A       0
                stringtext17                        54A      54A        B      94A       0
                stringtext16                        53F      53F        B      94A       0
                stringtext15                        534      534        B      94A       0
                stringtext14                        528      528        C      94A       0
                stringtext13                        51C      51C        C      94A       0
                stringtext12                        510      510        C      94A       0
                stringtext11                        504      504        C      94A       0
                stringtext10                        4F8      4F8        C      94A       0
                stringtext9                         4EB      4EB        D      94A       0
                stringtext8                         4DE      4DE        D      94A       0
                stringtext7                         4D1      4D1        D      94A       0
                stringtext6                         4C3      4C3        E      94A       0
                stringtext5                         4B4      4B4        F      94A       0
                stringtext4                         4A5      4A5        F      94A       0
                stringtext3                         481      481       13      902       0
                stringtext2                         455      455       16      87C       0
                stringtext1                         43E      43E       17      87C       0

TOTAL           Name                               Link     Load   Length     Space
        CLASS   STACK          

        CLASS   CODE           
                end_init                             25       25        2         0
                cinit                                27       27        A         0
                intentry                              4        4       21         0
                reset_vec                             0        0        3         0
                text18                              46B      46B       16         0
                text17                              5BB      5BB        A         0
                text16                              3CF      3CF       22         0
                text15                              5E7      5E7        8         0
                text14                              40B      40B       1A         0
                text13                              2A2      2A2       59         0
                text12                              494      494       11         0
                text11                              2FB      2FB       4B         0
                text10                              5DF      5DF        8         0
                text9                               3F1      3F1       1A         0
                text8                               157      157       77         0
                text7                               242      242       60         0
                text6                               1CE      1CE       74         0
                text5                               425      425       19         0
                text4                               5B1      5B1        A         0
                text3                               386      386       27         0
                text2                               346      346       40         0
                text1                                31       31      126         0
                maintext                            3AD      3AD       22         0

        CLASS   STRCODE        
                stringtext33                        602      602        4         0
                stringtext32                        5FD      5FD        5         0
                stringtext31                        5F6      5F6        7         0
                stringtext30                        5EF      5EF        7         0
                stringtext29                        5D7      5D7        8         0
                stringtext28                        5CE      5CE        9         0
                stringtext27                        5C5      5C5        9         0
                stringtext26                        5A7      5A7        A         0
                stringtext25                        59D      59D        A         0
                stringtext24                        593      593        A         0
                stringtext23                        589      589        A         0
                stringtext22                        57F      57F        A         0
                stringtext21                        575      575        A         0
                stringtext20                        56B      56B        A         0
                stringtext19                        560      560        B         0
                stringtext18                        555      555        B         0
                stringtext17                        54A      54A        B         0
                stringtext16                        53F      53F        B         0
                stringtext15                        534      534        B         0
                stringtext14                        528      528        C         0
                stringtext13                        51C      51C        C         0
                stringtext12                        510      510        C         0
                stringtext11                        504      504        C         0
                stringtext10                        4F8      4F8        C         0
                stringtext9                         4EB      4EB        D         0
                stringtext8                         4DE      4DE        D         0
                stringtext7                         4D1      4D1        D         0
                stringtext6                         4C3      4C3        E         0
                stringtext5                         4B4      4B4        F         0
                stringtext4                         4A5      4A5        F         0
                stringtext3                         481      481       13         0
                stringtext2                         455      455       16         0
                stringtext1                         43E      43E       17         0

        CLASS   STRING         

        CLASS   CONST          

        CLASS   ENTRY          

        CLASS   COMMON         
                cstackCOMMON                         70       70        C         1
                bssCOMMON                            7C       7C        1         1

        CLASS   BANK0          
                cstackBANK0                          20       20       49         1
                bssBANK0                             69       69        4         1

        CLASS   BANK1          

        CLASS   BANK2          

        CLASS   BANK3          

        CLASS   BANK4          

        CLASS   BANK5          

        CLASS   BANK6          

        CLASS   BIGRAM         

        CLASS   RAM            

        CLASS   ABS1           
                abs_s1                               7E       7E        2         1

        CLASS   SFR0           

        CLASS   SFR1           

        CLASS   SFR2           

        CLASS   SFR3           

        CLASS   SFR4           

        CLASS   SFR5           

        CLASS   SFR6           

        CLASS   SFR7           

        CLASS   SFR8           

        CLASS   SFR9           

        CLASS   SFR10          

        CLASS   SFR11          

        CLASS   SFR12          

        CLASS   SFR13          

        CLASS   SFR14          

        CLASS   SFR15          

        CLASS   SFR16          

        CLASS   SFR17          

        CLASS   SFR18          

        CLASS   SFR19          

        CLASS   SFR20          

        CLASS   SFR21          

        CLASS   SFR22          

        CLASS   SFR23          

        CLASS   SFR24          

        CLASS   SFR25          

        CLASS   SFR26          

        CLASS   SFR27          

        CLASS   SFR28          

        CLASS   SFR29          

        CLASS   SFR30          

        CLASS   SFR31          

        CLASS   SFR32          

        CLASS   SFR33          

        CLASS   SFR34          

        CLASS   SFR35          

        CLASS   SFR36          

        CLASS   SFR37          

        CLASS   SFR38          

        CLASS   SFR39          

        CLASS   SFR40          

        CLASS   SFR41          

        CLASS   SFR42          

        CLASS   SFR43          

        CLASS   SFR44          

        CLASS   SFR45          

        CLASS   SFR46          

        CLASS   SFR47          

        CLASS   SFR48          

        CLASS   SFR49          

        CLASS   SFR50          

        CLASS   SFR51          

        CLASS   SFR52          

        CLASS   SFR53          

        CLASS   SFR54          

        CLASS   SFR55          

        CLASS   SFR56          

        CLASS   SFR57          

        CLASS   SFR58          

        CLASS   SFR59          

        CLASS   SFR60          

        CLASS   SFR61          

        CLASS   SFR62          

        CLASS   SFR63          

        CLASS   CONFIG         
                config                             8007     8007        5         0

        CLASS   IDLOC          

        CLASS   BANK63         

        CLASS   BANK62         

        CLASS   BANK61         

        CLASS   BANK60         

        CLASS   BANK59         

        CLASS   BANK58         

        CLASS   BANK57         

        CLASS   BANK56         

        CLASS   BANK55         

        CLASS   BANK54         

        CLASS   BANK53         

        CLASS   BANK52         

        CLASS   BANK51         

        CLASS   BANK50         

        CLASS   BANK49         

        CLASS   BANK48         

        CLASS   BANK47         

        CLASS   BANK46         

        CLASS   BANK45         

        CLASS   BANK44         

        CLASS   BANK43         

        CLASS   BANK42         

        CLASS   BANK41         

        CLASS   BANK40         

        CLASS   BANK39         

        CLASS   BANK38         

        CLASS   BANK37         

        CLASS   BANK36         

        CLASS   BANK35         

        CLASS   BANK34         

        CLASS   BANK33         

        CLASS   BANK32         

        CLASS   BANK31         

        CLASS   BANK30         

        CLASS   BANK29         

        CLASS   BANK28         

        CLASS   BANK27         

        CLASS   BANK26         

        CLASS   BANK25         

        CLASS   BANK24         

        CLASS   BANK23         

        CLASS   BANK22         

        CLASS   BANK21         

        CLASS   BANK20         

        CLASS   BANK19         

        CLASS   BANK18         

        CLASS   BANK17         

        CLASS   BANK16         

        CLASS   BANK15         

        CLASS   BANK14         

        CLASS   BANK13         

        CLASS   BANK12         

        CLASS   BANK11         

        CLASS   BANK10         

        CLASS   BANK9          

        CLASS   BANK8          

        CLASS   BANK7          

        CLASS   EEDATA         



SEGMENTS        Name                           Load    Length   Top    Selector   Space  Class     Delta

                reset_vec                      000000  000003  000003         0       0  CODE        2
                intentry                       000004  00043A  00043E         8       0  CODE        2
                cstackBANK0                    000020  00004D  00006D        20       1  BANK0       1
                cstackCOMMON                   000070  00000D  00007D        70       1  COMMON      1
                stringtext1                    00043E  00002D  00046B       87C       0  STRCODE     2
                text18                         00046B  000016  000481       8D6       0  CODE        2
                stringtext3                    000481  000013  000494       902       0  STRCODE     2
                text12                         000494  000011  0004A5       928       0  CODE        2
                stringtext4                    0004A5  00010C  0005B1       94A       0  STRCODE     2
                text4                          0005B1  000014  0005C5       B62       0  CODE        2
                stringtext27                   0005C5  00001A  0005DF       B8A       0  STRCODE     2
                text10                         0005DF  000010  0005EF       BBE       0  CODE        2
                stringtext30                   0005EF  000017  000606       BDE       0  STRCODE     2
                config                         008007  000005  00800C     1000E       0  CONFIG      2


UNUSED ADDRESS RANGES

        Name                Unused          Largest block    Delta
        BANK0            0006D-0006F               3           1
        BANK1            000A0-000EF              50           1
        BANK2            00120-0016F              50           1
        BANK3            001A0-001EF              50           1
        BANK4            00220-0026F              50           1
        BANK5            002A0-002EF              50           1
        BANK6            00320-0032F              10           1
        BIGRAM           02000-021EF             1F0           1
        CODE             00003-00003               1           2
                         00606-00FFF             1FA
        COMMON           0007D-0007D               1           1
        CONST            00003-00003               1           2
                         00606-00FFF             100
        ENTRY            00003-00003               1           2
                         00606-00FFF             100
        IDLOC            08000-08003               4           2
        RAM              0006D-0006F               3           1
                         000A0-000EF              50
                         00120-0016F              50
                         001A0-001EF              50
                         00220-0026F              50
                         002A0-002EF              50
                         00320-0032F              10
        SFR0             00000-0001F              20           1
        SFR1             00080-0009F              20           1
        SFR10            00500-0056F              70           1
        SFR11            00580-005EF              70           1
        SFR12            00600-0066F              70           1
        SFR13            00680-006EF              70           1
        SFR14            00700-0076F              70           1
        SFR15            00780-007EF              70           1
        SFR16            00800-0086F              70           1
        SFR17            00880-008EF              70           1
        SFR18            00900-0096F              70           1
        SFR19            00980-009EF              70           1
        SFR2             00100-0011F              20           1
        SFR20            00A00-00A6F              70           1
        SFR21            00A80-00AEF              70           1
        SFR22            00B00-00B6F              70           1
        SFR23            00B80-00BEF              70           1
        SFR24            00C00-00C6F              70           1
        SFR25            00C80-00CEF              70           1
        SFR26            00D00-00D6F              70           1
        SFR27            00D80-00DEF              70           1
        SFR28            00E00-00E6F              70           1
        SFR29            00E80-00EEF              70           1
        SFR3             00180-0019F              20           1
        SFR30            00F00-00F6F              70           1
        SFR31            00F80-00FEF              70           1
        SFR32            01000-0106F              70           1
        SFR33            01080-010EF              70           1
        SFR34            01100-0116F              70           1
        SFR35            01180-011EF              70           1
        SFR36            01200-0126F              70           1
        SFR37            01280-012EF              70           1
        SFR38            01300-0136F              70           1
        SFR39            01380-013EF              70           1
        SFR4             00200-0021F              20           1
        SFR40            01400-0146F              70           1
        SFR41            01480-014EF              70           1
        SFR42            01500-0156F              70           1
        SFR43            01580-015EF              70           1
        SFR44            01600-0166F              70           1
        SFR45            01680-016EF              70           1
        SFR46            01700-0176F              70           1
        SFR47            01780-017EF              70           1
        SFR48            01800-0186F              70           1
        SFR49            01880-018EF              70           1
        SFR5             00280-0029F              20           1
        SFR50            01900-0196F              70           1
        SFR51            01980-019EF              70           1
        SFR52            01A00-01A6F              70           1
        SFR53            01A80-01AEF              70           1
        SFR54            01B00-01B6F              70           1
        SFR55            01B80-01BEF              70           1
        SFR56            01C00-01C6F              70           1
        SFR57            01C80-01CEF              70           1
        SFR58            01D00-01D6F              70           1
        SFR59            01D80-01DEF              70           1
        SFR6             00300-0031F              20           1
        SFR60            01E00-01E6F              70           1
        SFR61            01E80-01EEF              70           1
        SFR62            01F00-01F6F              70           1
        SFR63            01F80-01FEF              70           1
        SFR7             00380-003EF              70           1
        SFR8             00400-0046F              70           1
        SFR9             00480-004EF              70           1
        STACK            0204D-021EF             1A3           1
        STRCODE          00003-00003               1           2
                         00606-00FFF             9FA
        STRING           00003-00003               1           2
                         00606-00FFF             100

                                  Symbol Table

?_strcmp                        cstackCOMMON 00071
?_strncmp                       cstackCOMMON 00071
_ANSELA                         (abs)        01F38
_ANSELB                         (abs)        01F43
_ANSELC                         (abs)        01F4E
_INTCONbits                     (abs)        0000B
_LATC7                          (abs)        000D7
_PIE0bits                       (abs)        00716
_PIR0bits                       (abs)        0070C
_PIR3bits                       (abs)        0070F
_RA4PPS                         (abs)        01F14
_RB6PPS                         (abs)        01F1E
_RC1PPS                         (abs)        01F21
_RC1REG                         (abs)        00119
_RC1STAbits                     (abs)        0011D
_RC2REG                         (abs)        00A19
_RC2STAbits                     (abs)        00A1D
_RC4PPS                         (abs)        01F24
_RC6PPS                         (abs)        01F26
_RC7PPS                         (abs)        01F27
_RX1DTPPSbits                   (abs)        01ECB
_RX2DTPPSbits                   (abs)        01ECD
_SP1BRG                         (abs)        0011B
_SP2BRG                         (abs)        00A1B
_T0CON0                         (abs)        0059E
_T0CON0bits                     (abs)        0059E
_T0CON1                         (abs)        0059F
_TRISA5                         (abs)        00095
_TRISB5                         (abs)        0009D
_TRISC0                         (abs)        000A0
_TRISC3                         (abs)        000A3
_TRISC5                         (abs)        000A5
_TRISC7                         (abs)        000A7
_TX1REG                         (abs)        0011A
_TX1STAbits                     (abs)        0011E
_TX2REG                         (abs)        00A1A
_TX2STAbits                     (abs)        00A1E
__CFG_BBEN$OFF                  (abs)        00000
__CFG_BBSIZE$BB512              (abs)        00000
__CFG_BOREN$ON                  (abs)        00000
__CFG_BORV$LO                   (abs)        00000
__CFG_CLKOUTEN$OFF              (abs)        00000
__CFG_CP$OFF                    (abs)        00000
__CFG_CSWEN$ON                  (abs)        00000
__CFG_FCMEN$ON                  (abs)        00000
__CFG_FEXTOSC$OFF               (abs)        00000
__CFG_LPBOREN$OFF               (abs)        00000
__CFG_LVP$ON                    (abs)        00000
__CFG_MCLRE$ON                  (abs)        00000
__CFG_PPS1WAY$ON                (abs)        00000
__CFG_PWRTE$OFF                 (abs)        00000
__CFG_RSTOSC$HFINT32            (abs)        00000
__CFG_SAFEN$OFF                 (abs)        00000
__CFG_STVREN$ON                 (abs)        00000
__CFG_WDTCCS$SC                 (abs)        00000
__CFG_WDTCPS$WDTCPS_31          (abs)        00000
__CFG_WDTCWS$WDTCWS_7           (abs)        00000
__CFG_WDTE$OFF                  (abs)        00000
__CFG_WRTAPP$OFF                (abs)        00000
__CFG_WRTB$OFF                  (abs)        00000
__CFG_WRTC$OFF                  (abs)        00000
__CFG_WRTSAF$OFF                (abs)        00000
__CFG_ZCD$OFF                   (abs)        00000
__Habs1                         abs1         00000
__Hbank0                        bank0        00000
__Hbank1                        bank1        00000
__Hbank10                       bank10       00000
__Hbank11                       bank11       00000
__Hbank12                       bank12       00000
__Hbank13                       bank13       00000
__Hbank14                       bank14       00000
__Hbank15                       bank15       00000
__Hbank16                       bank16       00000
__Hbank17                       bank17       00000
__Hbank18                       bank18       00000
__Hbank19                       bank19       00000
__Hbank2                        bank2        00000
__Hbank20                       bank20       00000
__Hbank21                       bank21       00000
__Hbank22                       bank22       00000
__Hbank23                       bank23       00000
__Hbank24                       bank24       00000
__Hbank25                       bank25       00000
__Hbank26                       bank26       00000
__Hbank27                       bank27       00000
__Hbank28                       bank28       00000
__Hbank29                       bank29       00000
__Hbank3                        bank3        00000
__Hbank30                       bank30       00000
__Hbank31                       bank31       00000
__Hbank32                       bank32       00000
__Hbank33                       bank33       00000
__Hbank34                       bank34       00000
__Hbank35                       bank35       00000
__Hbank36                       bank36       00000
__Hbank37                       bank37       00000
__Hbank38                       bank38       00000
__Hbank39                       bank39       00000
__Hbank4                        bank4        00000
__Hbank40                       bank40       00000
__Hbank41                       bank41       00000
__Hbank42                       bank42       00000
__Hbank43                       bank43       00000
__Hbank44                       bank44       00000
__Hbank45                       bank45       00000
__Hbank46                       bank46       00000
__Hbank47                       bank47       00000
__Hbank48                       bank48       00000
__Hbank49                       bank49       00000
__Hbank5                        bank5        00000
__Hbank50                       bank50       00000
__Hbank51                       bank51       00000
__Hbank52                       bank52       00000
__Hbank53                       bank53       00000
__Hbank54                       bank54       00000
__Hbank55                       bank55       00000
__Hbank56                       bank56       00000
__Hbank57                       bank57       00000
__Hbank58                       bank58       00000
__Hbank59                       bank59       00000
__Hbank6                        bank6        00000
__Hbank60                       bank60       00000
__Hbank61                       bank61       00000
__Hbank62                       bank62       00000
__Hbank63                       bank63       00000
__Hbank7                        bank7        00000
__Hbank8                        bank8        00000
__Hbank9                        bank9        00000
__Hbigram                       bigram       00000
__HbssBANK0                     bssBANK0     00000
__HbssCOMMON                    bssCOMMON    00000
__Hcinit                        cinit        00031
__Hclrtext                      clrtext      00000
__Hcode                         code         00000
__Hcommon                       common       00000
__Hconfig                       config       0800C
__HcstackBANK0                  cstackBANK0  00000
__HcstackCOMMON                 cstackCOMMON 00000
__Heeprom_data                  eeprom_data  00000
__Hend_init                     end_init     00027
__Hfunctab                      functab      00000
__Hidloc                        idloc        00000
__Hinit                         init         00025
__Hintentry                     intentry     00025
__Hmaintext                     maintext     00000
__Hpowerup                      powerup      00000
__Hram                          ram          00000
__Hreset_vec                    reset_vec    00003
__Hsfr0                         sfr0         00000
__Hsfr1                         sfr1         00000
__Hsfr10                        sfr10        00000
__Hsfr11                        sfr11        00000
__Hsfr12                        sfr12        00000
__Hsfr13                        sfr13        00000
__Hsfr14                        sfr14        00000
__Hsfr15                        sfr15        00000
__Hsfr16                        sfr16        00000
__Hsfr17                        sfr17        00000
__Hsfr18                        sfr18        00000
__Hsfr19                        sfr19        00000
__Hsfr2                         sfr2         00000
__Hsfr20                        sfr20        00000
__Hsfr21                        sfr21        00000
__Hsfr22                        sfr22        00000
__Hsfr23                        sfr23        00000
__Hsfr24                        sfr24        00000
__Hsfr25                        sfr25        00000
__Hsfr26                        sfr26        00000
__Hsfr27                        sfr27        00000
__Hsfr28                        sfr28        00000
__Hsfr29                        sfr29        00000
__Hsfr3                         sfr3         00000
__Hsfr30                        sfr30        00000
__Hsfr31                        sfr31        00000
__Hsfr32                        sfr32        00000
__Hsfr33                        sfr33        00000
__Hsfr34                        sfr34        00000
__Hsfr35                        sfr35        00000
__Hsfr36                        sfr36        00000
__Hsfr37                        sfr37        00000
__Hsfr38                        sfr38        00000
__Hsfr39                        sfr39        00000
__Hsfr4                         sfr4         00000
__Hsfr40                        sfr40        00000
__Hsfr41                        sfr41        00000
__Hsfr42                        sfr42        00000
__Hsfr43                        sfr43        00000
__Hsfr44                        sfr44        00000
__Hsfr45                        sfr45        00000
__Hsfr46                        sfr46        00000
__Hsfr47                        sfr47        00000
__Hsfr48                        sfr48        00000
__Hsfr49                        sfr49        00000
__Hsfr5                         sfr5         00000
__Hsfr50                        sfr50        00000
__Hsfr51                        sfr51        00000
__Hsfr52                        sfr52        00000
__Hsfr53                        sfr53        00000
__Hsfr54                        sfr54        00000
__Hsfr55                        sfr55        00000
__Hsfr56                        sfr56        00000
__Hsfr57                        sfr57        00000
__Hsfr58                        sfr58        00000
__Hsfr59                        sfr59        00000
__Hsfr6                         sfr6         00000
__Hsfr60                        sfr60        00000
__Hsfr61                        sfr61        00000
__Hsfr62                        sfr62        00000
__Hsfr63                        sfr63        00000
__Hsfr7                         sfr7         00000
__Hsfr8                         sfr8         00000
__Hsfr9                         sfr9         00000
__Hspace_0                      (abs)        0800C
__Hspace_1                      (abs)        0007D
__Hspace_2                      (abs)        00000
__Hspace_3                      (abs)        00000
__Hstack                        stack        00000
__Hstrings                      strings      00000
__Hstringtext1                  stringtext1  00000
__Hstringtext10                 stringtext10 00000
__Hstringtext11                 stringtext11 00000
__Hstringtext12                 stringtext12 00000
__Hstringtext13                 stringtext13 00000
__Hstringtext14                 stringtext14 00000
__Hstringtext15                 stringtext15 00000
__Hstringtext16                 stringtext16 00000
__Hstringtext17                 stringtext17 00000
__Hstringtext18                 stringtext18 00000
__Hstringtext19                 stringtext19 00000
__Hstringtext2                  stringtext2  00000
__Hstringtext20                 stringtext20 00000
__Hstringtext21                 stringtext21 00000
__Hstringtext22                 stringtext22 00000
__Hstringtext23                 stringtext23 00000
__Hstringtext24                 stringtext24 00000
__Hstringtext25                 stringtext25 00000
__Hstringtext26                 stringtext26 00000
__Hstringtext27                 stringtext27 00000
__Hstringtext28                 stringtext28 00000
__Hstringtext29                 stringtext29 00000
__Hstringtext3                  stringtext3  00000
__Hstringtext30                 stringtext30 00000
__Hstringtext31                 stringtext31 00000
__Hstringtext32                 stringtext32 00000
__Hstringtext33                 stringtext33 00000
__Hstringtext34                 stringtext34 00000
__Hstringtext4                  stringtext4  00000
__Hstringtext5                  stringtext5  00000
__Hstringtext6                  stringtext6  00000
__Hstringtext7                  stringtext7  00000
__Hstringtext8                  stringtext8  00000
__Hstringtext9                  stringtext9  00000
__Htext                         text         00000
__Labs1                         abs1         00000
__Lbank0                        bank0        00000
__Lbank1                        bank1        00000
__Lbank10                       bank10       00000
__Lbank11                       bank11       00000
__Lbank12                       bank12       00000
__Lbank13                       bank13       00000
__Lbank14                       bank14       00000
__Lbank15                       bank15       00000
__Lbank16                       bank16       00000
__Lbank17                       bank17       00000
__Lbank18                       bank18       00000
__Lbank19                       bank19       00000
__Lbank2                        bank2        00000
__Lbank20                       bank20       00000
__Lbank21                       bank21       00000
__Lbank22                       bank22       00000
__Lbank23                       bank23       00000
__Lbank24                       bank24       00000
__Lbank25                       bank25       00000
__Lbank26                       bank26       00000
__Lbank27                       bank27       00000
__Lbank28                       bank28       00000
__Lbank29                       bank29       00000
__Lbank3                        bank3        00000
__Lbank30                       bank30       00000
__Lbank31                       bank31       00000
__Lbank32                       bank32       00000
__Lbank33                       bank33       00000
__Lbank34                       bank34       00000
__Lbank35                       bank35       00000
__Lbank36                       bank36       00000
__Lbank37                       bank37       00000
__Lbank38                       bank38       00000
__Lbank39                       bank39       00000
__Lbank4                        bank4        00000
__Lbank40                       bank40       00000
__Lbank41                       bank41       00000
__Lbank42                       bank42       00000
__Lbank43                       bank43       00000
__Lbank44                       bank44       00000
__Lbank45                       bank45       00000
__Lbank46                       bank46       00000
__Lbank47                       bank47       00000
__Lbank48                       bank48       00000
__Lbank49                       bank49       00000
__Lbank5                        bank5        00000
__Lbank50                       bank50       00000
__Lbank51                       bank51       00000
__Lbank52                       bank52       00000
__Lbank53                       bank53       00000
__Lbank54                       bank54       00000
__Lbank55                       bank55       00000
__Lbank56                       bank56       00000
__Lbank57                       bank57       00000
__Lbank58                       bank58       00000
__Lbank59                       bank59       00000
__Lbank6                        bank6        00000
__Lbank60                       bank60       00000
__Lbank61                       bank61       00000
__Lbank62                       bank62       00000
__Lbank63                       bank63       00000
__Lbank7                        bank7        00000
__Lbank8                        bank8        00000
__Lbank9                        bank9        00000
__Lbigram                       bigram       00000
__LbssBANK0                     bssBANK0     00000
__LbssCOMMON                    bssCOMMON    00000
__Lcinit                        cinit        00027
__Lclrtext                      clrtext      00000
__Lcode                         code         00000
__Lcommon                       common       00000
__Lconfig                       config       08007
__LcstackBANK0                  cstackBANK0  00000
__LcstackCOMMON                 cstackCOMMON 00000
__Leeprom_data                  eeprom_data  00000
__Lend_init                     end_init     00025
__Lfunctab                      functab      00000
__Lidloc                        idloc        00000
__Linit                         init         00025
__Lintentry                     intentry     00004
__Lmaintext                     maintext     00000
__Lpowerup                      powerup      00000
__Lram                          ram          00000
__Lreset_vec                    reset_vec    00000
__Lsfr0                         sfr0         00000
__Lsfr1                         sfr1         00000
__Lsfr10                        sfr10        00000
__Lsfr11                        sfr11        00000
__Lsfr12                        sfr12        00000
__Lsfr13                        sfr13        00000
__Lsfr14                        sfr14        00000
__Lsfr15                        sfr15        00000
__Lsfr16                        sfr16        00000
__Lsfr17                        sfr17        00000
__Lsfr18                        sfr18        00000
__Lsfr19                        sfr19        00000
__Lsfr2                         sfr2         00000
__Lsfr20                        sfr20        00000
__Lsfr21                        sfr21        00000
__Lsfr22                        sfr22        00000
__Lsfr23                        sfr23        00000
__Lsfr24                        sfr24        00000
__Lsfr25                        sfr25        00000
__Lsfr26                        sfr26        00000
__Lsfr27                        sfr27        00000
__Lsfr28                        sfr28        00000
__Lsfr29                        sfr29        00000
__Lsfr3                         sfr3         00000
__Lsfr30                        sfr30        00000
__Lsfr31                        sfr31        00000
__Lsfr32                        sfr32        00000
__Lsfr33                        sfr33        00000
__Lsfr34                        sfr34        00000
__Lsfr35                        sfr35        00000
__Lsfr36                        sfr36        00000
__Lsfr37                        sfr37        00000
__Lsfr38                        sfr38        00000
__Lsfr39                        sfr39        00000
__Lsfr4                         sfr4         00000
__Lsfr40                        sfr40        00000
__Lsfr41                        sfr41        00000
__Lsfr42                        sfr42        00000
__Lsfr43                        sfr43        00000
__Lsfr44                        sfr44        00000
__Lsfr45                        sfr45        00000
__Lsfr46                        sfr46        00000
__Lsfr47                        sfr47        00000
__Lsfr48                        sfr48        00000
__Lsfr49                        sfr49        00000
__Lsfr5                         sfr5         00000
__Lsfr50                        sfr50        00000
__Lsfr51                        sfr51        00000
__Lsfr52                        sfr52        00000
__Lsfr53                        sfr53        00000
__Lsfr54                        sfr54        00000
__Lsfr55                        sfr55        00000
__Lsfr56                        sfr56        00000
__Lsfr57                        sfr57        00000
__Lsfr58                        sfr58        00000
__Lsfr59                        sfr59        00000
__Lsfr6                         sfr6         00000
__Lsfr60                        sfr60        00000
__Lsfr61                        sfr61        00000
__Lsfr62                        sfr62        00000
__Lsfr63                        sfr63        00000
__Lsfr7                         sfr7         00000
__Lsfr8                         sfr8         00000
__Lsfr9                         sfr9         00000
__Lspace_0                      (abs)        00000
__Lspace_1                      (abs)        00000
__Lspace_2                      (abs)        00000
__Lspace_3                      (abs)        00000
__Lstack                        stack        00000
__Lstrings                      strings      00000
__Lstringtext1                  stringtext1  00000
__Lstringtext10                 stringtext10 00000
__Lstringtext11                 stringtext11 00000
__Lstringtext12                 stringtext12 00000
__Lstringtext13                 stringtext13 00000
__Lstringtext14                 stringtext14 00000
__Lstringtext15                 stringtext15 00000
__Lstringtext16                 stringtext16 00000
__Lstringtext17                 stringtext17 00000
__Lstringtext18                 stringtext18 00000
__Lstringtext19                 stringtext19 00000
__Lstringtext2                  stringtext2  00000
__Lstringtext20                 stringtext20 00000
__Lstringtext21                 stringtext21 00000
__Lstringtext22                 stringtext22 00000
__Lstringtext23                 stringtext23 00000
__Lstringtext24                 stringtext24 00000
__Lstringtext25                 stringtext25 00000
__Lstringtext26                 stringtext26 00000
__Lstringtext27                 stringtext27 00000
__Lstringtext28                 stringtext28 00000
__Lstringtext29                 stringtext29 00000
__Lstringtext3                  stringtext3  00000
__Lstringtext30                 stringtext30 00000
__Lstringtext31                 stringtext31 00000
__Lstringtext32                 stringtext32 00000
__Lstringtext33                 stringtext33 00000
__Lstringtext34                 stringtext34 00000
__Lstringtext4                  stringtext4  00000
__Lstringtext5                  stringtext5  00000
__Lstringtext6                  stringtext6  00000
__Lstringtext7                  stringtext7  00000
__Lstringtext8                  stringtext8  00000
__Lstringtext9                  stringtext9  00000
__Ltext                         text         00000
__S0                            (abs)        0800C
__S1                            (abs)        0007D
__S2                            (abs)        00000
___int_sp                       stack        00000
___latbits                      (abs)        00001
___sp                           stack        00000
__end_of__initialization        cinit        0002D
__end_of_getGPSData             text11       00346
__end_of_getGSMData             text8        001CE
__end_of_getWiFiData            text7        002A2
__end_of_initBTSerial           text18       00481
__end_of_main                   maintext     003CF
__end_of_sendSMS                text6        00242
__end_of_sendSigfox             text5        0043E
__end_of_serialFindPeripheral   text16       003F1
__end_of_serialPrintBT          text14       00425
__end_of_serialPrintPeripheral  text9        0040B
__end_of_serialReadBT           text4        005BB
__end_of_serialReadPeripheral   text17       005C5
__end_of_serialWriteBT          text15       005EF
__end_of_serialWritePeripheral  text10       005E7
__end_of_setActivePeripheral    text13       002FB
__end_of_startTimer             text12       004A5
__end_of_strcmp                 text3        003AD
__end_of_strncmp                text2        00386
__end_of_timerCount             intentry     00025
__end_of_waitForCommand         text1        00157
__initialization                cinit        00027
__pbssBANK0                     bssBANK0     00069
__pbssCOMMON                    bssCOMMON    0007C
__pcstackBANK0                  cstackBANK0  00020
__pcstackCOMMON                 cstackCOMMON 00070
__pintentry                     intentry     00004
__pmaintext                     maintext     003AD
__pstringtext1                  stringtext1  0043E
__pstringtext10                 stringtext10 004F8
__pstringtext11                 stringtext11 00504
__pstringtext12                 stringtext12 00510
__pstringtext13                 stringtext13 0051C
__pstringtext14                 stringtext14 00528
__pstringtext15                 stringtext15 00534
__pstringtext16                 stringtext16 0053F
__pstringtext17                 stringtext17 0054A
__pstringtext18                 stringtext18 00555
__pstringtext19                 stringtext19 00560
__pstringtext2                  stringtext2  00455
__pstringtext20                 stringtext20 0056B
__pstringtext21                 stringtext21 00575
__pstringtext22                 stringtext22 0057F
__pstringtext23                 stringtext23 00589
__pstringtext24                 stringtext24 00593
__pstringtext25                 stringtext25 0059D
__pstringtext26                 stringtext26 005A7
__pstringtext27                 stringtext27 005C5
__pstringtext28                 stringtext28 005CE
__pstringtext29                 stringtext29 005D7
__pstringtext3                  stringtext3  00481
__pstringtext30                 stringtext30 005EF
__pstringtext31                 stringtext31 005F6
__pstringtext32                 stringtext32 005FD
__pstringtext33                 stringtext33 00602
__pstringtext34                 stringtext34 00000
__pstringtext4                  stringtext4  004A5
__pstringtext5                  stringtext5  004B4
__pstringtext6                  stringtext6  004C3
__pstringtext7                  stringtext7  004D1
__pstringtext8                  stringtext8  004DE
__pstringtext9                  stringtext9  004EB
__ptext1                        text1        00031
__ptext10                       text10       005DF
__ptext11                       text11       002FB
__ptext12                       text12       00494
__ptext13                       text13       002A2
__ptext14                       text14       0040B
__ptext15                       text15       005E7
__ptext16                       text16       003CF
__ptext17                       text17       005BB
__ptext18                       text18       0046B
__ptext2                        text2        00346
__ptext3                        text3        00386
__ptext4                        text4        005B1
__ptext5                        text5        00425
__ptext6                        text6        001CE
__ptext7                        text7        00242
__ptext8                        text8        00157
__ptext9                        text9        003F1
__size_of_getGPSData            (abs)        00000
__size_of_getGSMData            (abs)        00000
__size_of_getWiFiData           (abs)        00000
__size_of_initBTSerial          (abs)        00000
__size_of_main                  (abs)        00000
__size_of_sendSMS               (abs)        00000
__size_of_sendSigfox            (abs)        00000
__size_of_serialFindPeripheral  (abs)        00000
__size_of_serialPrintBT         (abs)        00000
__size_of_serialPrintPeripheral (abs)        00000
__size_of_serialReadBT          (abs)        00000
__size_of_serialReadPeripheral  (abs)        00000
__size_of_serialWriteBT         (abs)        00000
__size_of_serialWritePeripheral (abs)        00000
__size_of_setActivePeripheral   (abs)        00000
__size_of_startTimer            (abs)        00000
__size_of_strcmp                (abs)        00000
__size_of_strncmp               (abs)        00000
__size_of_timerCount            (abs)        00000
__size_of_waitForCommand        (abs)        00000
_getGPSData                     text11       002FB
_getGSMData                     text8        00157
_getWiFiData                    text7        00242
_initBTSerial                   text18       0046B
_main                           maintext     003AD
_sendSMS                        text6        001CE
_sendSigfox                     text5        00425
_serialFindPeripheral           text16       003CF
_serialPrintBT                  text14       0040B
_serialPrintPeripheral          text9        003F1
_serialReadBT                   text4        005B1
_serialReadPeripheral           text17       005BB
_serialWriteBT                  text15       005E7
_serialWritePeripheral          text10       005DF
_setActivePeripheral            text13       002A2
_startTimer                     text12       00494
_strcmp                         text3        00386
_strncmp                        text2        00346
_timerActual                    bssBANK0     00069
_timerCount                     intentry     00004
_timerDone                      bssCOMMON    0007C
_timerSetpoint                  bssBANK0     0006B
_waitForCommand                 text1        00031
btemp                           (abs)        0007E
end_of_initialization           cinit        0002D
getGPSData@c                    cstackCOMMON 00079
getGPSData@found                cstackCOMMON 00078
getWiFiData@c                   cstackCOMMON 00079
int$flags                       (abs)        0007E
intlevel0                       functab      00000
intlevel1                       functab      00000
intlevel2                       functab      00000
intlevel3                       functab      00000
intlevel4                       functab      00000
intlevel5                       functab      00000
reset_vec                       reset_vec    00000
sendSMS@message                 cstackCOMMON 00079
sendSMS@number                  cstackCOMMON 00077
sendSigfox@hexMessage           cstackCOMMON 00077
serialFindPeripheral@i          cstackCOMMON 00074
serialFindPeripheral@s          cstackCOMMON 00071
serialPrintBT@i                 cstackCOMMON 00075
serialPrintBT@s                 cstackCOMMON 00072
serialPrintPeripheral@i         cstackCOMMON 00075
serialPrintPeripheral@s         cstackCOMMON 00072
serialWriteBT@c                 cstackCOMMON 00071
serialWritePeripheral@c         cstackCOMMON 00071
setActivePeripheral@peri        cstackCOMMON 00071
stackhi                         (abs)        021EF
stacklo                         (abs)        0204D
start                           init         00025
startTimer@seconds              cstackCOMMON 00071
start_initialization            cinit        00027
strcmp@r                        cstackCOMMON 00074
strcmp@s1                       cstackCOMMON 00075
strcmp@s2                       cstackCOMMON 00071
strncmp@len                     cstackCOMMON 00073
strncmp@s1                      cstackCOMMON 00077
strncmp@s2                      cstackCOMMON 00071
waitForCommand@c                cstackBANK0  00060
waitForCommand@c_459            cstackBANK0  00061
waitForCommand@command          cstackBANK0  00040
waitForCommand@i                cstackBANK0  00062
waitForCommand@i_450            cstackBANK0  00064
waitForCommand@message          cstackBANK0  00022
waitForCommand@p                cstackBANK0  00066
wtemp0                          (abs)        0007E


FUNCTION INFORMATION:

 *************** function _main *****************
 Defined at:
		line 88 in file "main.c"
 Parameters:    Size  Location     Type
		None
 Auto vars:     Size  Location     Type
		None
 Return value:  Size  Location     Type
                  1    wreg      void 
 Registers used:
		wreg, fsr0l, fsr0h, fsr1l, fsr1h, status,2, status,0, pclath, cstack
 Tracked objects:
		On entry : 
		On exit  : 
		Unchanged: 
 Data sizes:     COMMON   BANK0   BANK1   BANK2   BANK3   BANK4   BANK5   BANK6
      Params:         0       0       0       0       0       0       0       0
      Locals:         0       0       0       0       0       0       0       0
      Temps:          0       2       0       0       0       0       0       0
      Totals:         0       2       0       0       0       0       0       0
Total ram usage:        2 bytes
 Hardware stack levels required when called:    5
 This function calls:
		_initBTSerial
		_setActivePeripheral
		_waitForCommand
 This function is called by:
		Startup code after reset
 This function uses a non-reentrant model


 *************** function _waitForCommand *****************
 Defined at:
		line 408 in file "main.c"
 Parameters:    Size  Location     Type
		None
 Auto vars:     Size  Location     Type
  c               1   65[BANK0 ] unsigned char 
  c               1   64[BANK0 ] unsigned char 
  message        30    2[BANK0 ] unsigned char [30]
  i               2   68[BANK0 ] int 
  p               1   70[BANK0 ] PTR unsigned char 
		 -> waitForCommand@command(32), 
  command        32   32[BANK0 ] unsigned char [32]
  i               2   66[BANK0 ] int 
 Return value:  Size  Location     Type
                  1    wreg      void 
 Registers used:
		wreg, fsr0l, fsr0h, fsr1l, fsr1h, status,2, status,0, pclath, cstack
 Tracked objects:
		On entry : 
		On exit  : 
		Unchanged: 
 Data sizes:     COMMON   BANK0   BANK1   BANK2   BANK3   BANK4   BANK5   BANK6
      Params:         0       0       0       0       0       0       0       0
      Locals:         0      69       0       0       0       0       0       0
      Temps:          1       0       0       0       0       0       0       0
      Totals:         1      69       0       0       0       0       0       0
Total ram usage:       70 bytes
 Hardware stack levels used:    1
 Hardware stack levels required when called:    4
 This function calls:
		_getGPSData
		_getGSMData
		_getWiFiData
		_sendSMS
		_sendSigfox
		_serialPrintBT
		_serialReadBT
		_serialReadPeripheral
		_serialWriteBT
		_startTimer
		_strcmp
		_strncmp
 This function is called by:
		_main
 This function uses a non-reentrant model


 *************** function _strncmp *****************
 Defined at:
		line 4 in file "C:\Program Files (x86)\Microchip\xc8\v1.44\sources\common\strncmp.c"
 Parameters:    Size  Location     Type
  s1              1    wreg     PTR const unsigned char 
		 -> waitForCommand@command(32), 
  s2              2    1[COMMON] PTR const unsigned char 
		 -> STR_33(13), 
  len             2    3[COMMON] unsigned int 
 Auto vars:     Size  Location     Type
  s1              1    7[COMMON] PTR const unsigned char 
		 -> waitForCommand@command(32), 
 Return value:  Size  Location     Type
                  2    1[COMMON] int 
 Registers used:
		wreg, fsr0l, fsr0h, fsr1l, fsr1h, status,2, status,0, pclath
 Tracked objects:
		On entry : 
		On exit  : 
		Unchanged: 
 Data sizes:     COMMON   BANK0   BANK1   BANK2   BANK3   BANK4   BANK5   BANK6
      Params:         4       0       0       0       0       0       0       0
      Locals:         1       0       0       0       0       0       0       0
      Temps:          2       0       0       0       0       0       0       0
      Totals:         7       0       0       0       0       0       0       0
Total ram usage:        7 bytes
 Hardware stack levels used:    1
 Hardware stack levels required when called:    1
 This function calls:
		Nothing
 This function is called by:
		_waitForCommand
 This function uses a non-reentrant model


 *************** function _strcmp *****************
 Defined at:
		line 33 in file "C:\Program Files (x86)\Microchip\xc8\v1.44\sources\common\strcmp.c"
 Parameters:    Size  Location     Type
  s1              1    wreg     PTR const unsigned char 
		 -> waitForCommand@command(32), 
  s2              2    1[COMMON] PTR const unsigned char 
		 -> STR_31(10), STR_28(22), STR_26(11), STR_24(10), 
		 -> STR_22(10), 
 Auto vars:     Size  Location     Type
  s1              1    5[COMMON] PTR const unsigned char 
		 -> waitForCommand@command(32), 
  r               1    4[COMMON] char 
 Return value:  Size  Location     Type
                  2    1[COMMON] int 
 Registers used:
		wreg, fsr0l, fsr0h, fsr1l, fsr1h, status,2, status,0, pclath
 Tracked objects:
		On entry : 
		On exit  : 
		Unchanged: 
 Data sizes:     COMMON   BANK0   BANK1   BANK2   BANK3   BANK4   BANK5   BANK6
      Params:         2       0       0       0       0       0       0       0
      Locals:         2       0       0       0       0       0       0       0
      Temps:          1       0       0       0       0       0       0       0
      Totals:         5       0       0       0       0       0       0       0
Total ram usage:        5 bytes
 Hardware stack levels used:    1
 Hardware stack levels required when called:    1
 This function calls:
		Nothing
 This function is called by:
		_waitForCommand
 This function uses a non-reentrant model


 *************** function _serialReadBT *****************
 Defined at:
		line 240 in file "main.c"
 Parameters:    Size  Location     Type
		None
 Auto vars:     Size  Location     Type
		None
 Return value:  Size  Location     Type
                  1    wreg      unsigned char 
 Registers used:
		wreg
 Tracked objects:
		On entry : 
		On exit  : 
		Unchanged: 
 Data sizes:     COMMON   BANK0   BANK1   BANK2   BANK3   BANK4   BANK5   BANK6
      Params:         0       0       0       0       0       0       0       0
      Locals:         0       0       0       0       0       0       0       0
      Temps:          0       0       0       0       0       0       0       0
      Totals:         0       0       0       0       0       0       0       0
Total ram usage:        0 bytes
 Hardware stack levels used:    1
 Hardware stack levels required when called:    1
 This function calls:
		Nothing
 This function is called by:
		_waitForCommand
		_serialFindBT
 This function uses a non-reentrant model


 *************** function _sendSigfox *****************
 Defined at:
		line 383 in file "main.c"
 Parameters:    Size  Location     Type
  hexMessage      2    7[COMMON] PTR unsigned char 
		 -> STR_38(23), waitForCommand@message(30), STR_29(15), 
 Auto vars:     Size  Location     Type
		None
 Return value:  Size  Location     Type
                  1    wreg      void 
 Registers used:
		wreg, fsr0l, fsr0h, status,2, status,0, pclath, cstack
 Tracked objects:
		On entry : 
		On exit  : 
		Unchanged: 
 Data sizes:     COMMON   BANK0   BANK1   BANK2   BANK3   BANK4   BANK5   BANK6
      Params:         2       0       0       0       0       0       0       0
      Locals:         0       0       0       0       0       0       0       0
      Temps:          0       0       0       0       0       0       0       0
      Totals:         2       0       0       0       0       0       0       0
Total ram usage:        2 bytes
 Hardware stack levels used:    1
 Hardware stack levels required when called:    3
 This function calls:
		_serialPrintPeripheral
		_setActivePeripheral
 This function is called by:
		_waitForCommand
 This function uses a non-reentrant model


 *************** function _sendSMS *****************
 Defined at:
		line 390 in file "main.c"
 Parameters:    Size  Location     Type
  number          2    7[COMMON] PTR unsigned char 
		 -> STR_35(7), 
  message         2    9[COMMON] PTR unsigned char 
		 -> STR_36(12), 
 Auto vars:     Size  Location     Type
		None
 Return value:  Size  Location     Type
                  1    wreg      void 
 Registers used:
		wreg, fsr0l, fsr0h, status,2, status,0, pclath, cstack
 Tracked objects:
		On entry : 
		On exit  : 
		Unchanged: 
 Data sizes:     COMMON   BANK0   BANK1   BANK2   BANK3   BANK4   BANK5   BANK6
      Params:         4       0       0       0       0       0       0       0
      Locals:         0       0       0       0       0       0       0       0
      Temps:          0       2       0       0       0       0       0       0
      Totals:         4       2       0       0       0       0       0       0
Total ram usage:        6 bytes
 Hardware stack levels used:    1
 Hardware stack levels required when called:    3
 This function calls:
		_serialPrintPeripheral
		_serialWritePeripheral
		_setActivePeripheral
 This function is called by:
		_waitForCommand
 This function uses a non-reentrant model


 *************** function _getWiFiData *****************
 Defined at:
		line 287 in file "main.c"
 Parameters:    Size  Location     Type
		None
 Auto vars:     Size  Location     Type
  c               1    9[COMMON] unsigned char 
 Return value:  Size  Location     Type
                  1    wreg      void 
 Registers used:
		wreg, fsr0l, fsr0h, status,2, status,0, pclath, cstack
 Tracked objects:
		On entry : 
		On exit  : 
		Unchanged: 
 Data sizes:     COMMON   BANK0   BANK1   BANK2   BANK3   BANK4   BANK5   BANK6
      Params:         0       0       0       0       0       0       0       0
      Locals:         1       0       0       0       0       0       0       0
      Temps:          2       0       0       0       0       0       0       0
      Totals:         3       0       0       0       0       0       0       0
Total ram usage:        3 bytes
 Hardware stack levels used:    1
 Hardware stack levels required when called:    3
 This function calls:
		_serialPrintBT
		_serialPrintPeripheral
		_serialReadPeripheral
		_serialWriteBT
		_setActivePeripheral
		_startTimer
 This function is called by:
		_waitForCommand
 This function uses a non-reentrant model


 *************** function _getGSMData *****************
 Defined at:
		line 312 in file "main.c"
 Parameters:    Size  Location     Type
		None
 Auto vars:     Size  Location     Type
		None
 Return value:  Size  Location     Type
                  1    wreg      void 
 Registers used:
		wreg, fsr0l, fsr0h, status,2, status,0, pclath, cstack
 Tracked objects:
		On entry : 
		On exit  : 
		Unchanged: 
 Data sizes:     COMMON   BANK0   BANK1   BANK2   BANK3   BANK4   BANK5   BANK6
      Params:         0       0       0       0       0       0       0       0
      Locals:         0       0       0       0       0       0       0       0
      Temps:          2       0       0       0       0       0       0       0
      Totals:         2       0       0       0       0       0       0       0
Total ram usage:        2 bytes
 Hardware stack levels used:    1
 Hardware stack levels required when called:    3
 This function calls:
		_serialPrintBT
		_serialPrintPeripheral
		_serialReadPeripheral
		_serialWriteBT
		_setActivePeripheral
		_startTimer
 This function is called by:
		_waitForCommand
 This function uses a non-reentrant model


 *************** function _serialPrintPeripheral *****************
 Defined at:
		line 139 in file "main.c"
 Parameters:    Size  Location     Type
  s               2    2[COMMON] PTR unsigned char 
		 -> STR_38(23), STR_36(12), STR_35(7), waitForCommand@message(30), 
		 -> STR_29(15), STR_21(3), STR_20(4), STR_19(10), 
		 -> STR_18(12), STR_17(3), STR_16(7), STR_14(5), 
		 -> STR_8(11), STR_7(9), STR_6(12), STR_3(11), 
		 -> STR_2(19), 
 Auto vars:     Size  Location     Type
  i               2    5[COMMON] int 
 Return value:  Size  Location     Type
                  1    wreg      void 
 Registers used:
		wreg, fsr0l, fsr0h, status,2, status,0, pclath, cstack
 Tracked objects:
		On entry : 
		On exit  : 
		Unchanged: 
 Data sizes:     COMMON   BANK0   BANK1   BANK2   BANK3   BANK4   BANK5   BANK6
      Params:         2       0       0       0       0       0       0       0
      Locals:         2       0       0       0       0       0       0       0
      Temps:          1       0       0       0       0       0       0       0
      Totals:         5       0       0       0       0       0       0       0
Total ram usage:        5 bytes
 Hardware stack levels used:    1
 Hardware stack levels required when called:    2
 This function calls:
		_serialWritePeripheral
 This function is called by:
		_getWiFiData
		_getGSMData
		_sendSigfox
		_sendSMS
		_getSigfoxData
 This function uses a non-reentrant model


 *************** function _serialWritePeripheral *****************
 Defined at:
		line 133 in file "main.c"
 Parameters:    Size  Location     Type
  c               1    wreg     unsigned char 
 Auto vars:     Size  Location     Type
  c               1    1[COMMON] unsigned char 
 Return value:  Size  Location     Type
                  1    wreg      void 
 Registers used:
		wreg
 Tracked objects:
		On entry : 
		On exit  : 
		Unchanged: 
 Data sizes:     COMMON   BANK0   BANK1   BANK2   BANK3   BANK4   BANK5   BANK6
      Params:         0       0       0       0       0       0       0       0
      Locals:         1       0       0       0       0       0       0       0
      Temps:          0       0       0       0       0       0       0       0
      Totals:         1       0       0       0       0       0       0       0
Total ram usage:        1 bytes
 Hardware stack levels used:    1
 Hardware stack levels required when called:    1
 This function calls:
		Nothing
 This function is called by:
		_serialPrintPeripheral
		_sendSMS
 This function uses a non-reentrant model


 *************** function _getGPSData *****************
 Defined at:
		line 343 in file "main.c"
 Parameters:    Size  Location     Type
		None
 Auto vars:     Size  Location     Type
  c               1    9[COMMON] unsigned char 
  found           1    8[COMMON] unsigned char 
 Return value:  Size  Location     Type
                  1    wreg      void 
 Registers used:
		wreg, fsr0l, fsr0h, status,2, status,0, pclath, cstack
 Tracked objects:
		On entry : 
		On exit  : 
		Unchanged: 
 Data sizes:     COMMON   BANK0   BANK1   BANK2   BANK3   BANK4   BANK5   BANK6
      Params:         0       0       0       0       0       0       0       0
      Locals:         2       0       0       0       0       0       0       0
      Temps:          1       0       0       0       0       0       0       0
      Totals:         3       0       0       0       0       0       0       0
Total ram usage:        3 bytes
 Hardware stack levels used:    1
 Hardware stack levels required when called:    3
 This function calls:
		_serialFindPeripheral
		_serialPrintBT
		_serialReadPeripheral
		_serialWriteBT
		_setActivePeripheral
		_startTimer
 This function is called by:
		_waitForCommand
 This function uses a non-reentrant model


 *************** function _startTimer *****************
 Defined at:
		line 274 in file "main.c"
 Parameters:    Size  Location     Type
  seconds         2    1[COMMON] int 
 Auto vars:     Size  Location     Type
		None
 Return value:  Size  Location     Type
                  1    wreg      void 
 Registers used:
		wreg, status,2
 Tracked objects:
		On entry : 
		On exit  : 
		Unchanged: 
 Data sizes:     COMMON   BANK0   BANK1   BANK2   BANK3   BANK4   BANK5   BANK6
      Params:         2       0       0       0       0       0       0       0
      Locals:         0       0       0       0       0       0       0       0
      Temps:          0       0       0       0       0       0       0       0
      Totals:         2       0       0       0       0       0       0       0
Total ram usage:        2 bytes
 Hardware stack levels used:    1
 Hardware stack levels required when called:    1
 This function calls:
		Nothing
 This function is called by:
		_getWiFiData
		_getGSMData
		_getGPSData
		_waitForCommand
		_getSigfoxData
 This function uses a non-reentrant model


 *************** function _setActivePeripheral *****************
 Defined at:
		line 169 in file "main.c"
 Parameters:    Size  Location     Type
  peri            1    wreg     enum E8210
 Auto vars:     Size  Location     Type
  peri            1    1[COMMON] enum E8210
 Return value:  Size  Location     Type
                  1    wreg      void 
 Registers used:
		wreg, fsr0l, fsr0h, status,2, status,0
 Tracked objects:
		On entry : 
		On exit  : 
		Unchanged: 
 Data sizes:     COMMON   BANK0   BANK1   BANK2   BANK3   BANK4   BANK5   BANK6
      Params:         0       0       0       0       0       0       0       0
      Locals:         1       0       0       0       0       0       0       0
      Temps:          0       0       0       0       0       0       0       0
      Totals:         1       0       0       0       0       0       0       0
Total ram usage:        1 bytes
 Hardware stack levels used:    1
 Hardware stack levels required when called:    1
 This function calls:
		Nothing
 This function is called by:
		_main
		_getWiFiData
		_getGSMData
		_getGPSData
		_sendSigfox
		_sendSMS
		_getSigfoxData
 This function uses a non-reentrant model


 *************** function _serialPrintBT *****************
 Defined at:
		line 232 in file "main.c"
 Parameters:    Size  Location     Type
  s               2    2[COMMON] PTR unsigned char 
		 -> STR_32(14), STR_30(14), STR_27(14), STR_25(14), 
		 -> STR_23(14), STR_15(13), STR_13(15), STR_12(10), 
		 -> STR_10(12), STR_9(10), STR_5(12), STR_4(11), 
		 -> STR_1(13), 
 Auto vars:     Size  Location     Type
  i               2    5[COMMON] int 
 Return value:  Size  Location     Type
                  1    wreg      void 
 Registers used:
		wreg, fsr0l, fsr0h, status,2, status,0, pclath, cstack
 Tracked objects:
		On entry : 
		On exit  : 
		Unchanged: 
 Data sizes:     COMMON   BANK0   BANK1   BANK2   BANK3   BANK4   BANK5   BANK6
      Params:         2       0       0       0       0       0       0       0
      Locals:         2       0       0       0       0       0       0       0
      Temps:          1       0       0       0       0       0       0       0
      Totals:         5       0       0       0       0       0       0       0
Total ram usage:        5 bytes
 Hardware stack levels used:    1
 Hardware stack levels required when called:    2
 This function calls:
		_serialWriteBT
 This function is called by:
		_getWiFiData
		_getGSMData
		_getGPSData
		_waitForCommand
		_getSigfoxData
 This function uses a non-reentrant model


 *************** function _serialWriteBT *****************
 Defined at:
		line 226 in file "main.c"
 Parameters:    Size  Location     Type
  c               1    wreg     unsigned char 
 Auto vars:     Size  Location     Type
  c               1    1[COMMON] unsigned char 
 Return value:  Size  Location     Type
                  1    wreg      void 
 Registers used:
		wreg
 Tracked objects:
		On entry : 
		On exit  : 
		Unchanged: 
 Data sizes:     COMMON   BANK0   BANK1   BANK2   BANK3   BANK4   BANK5   BANK6
      Params:         0       0       0       0       0       0       0       0
      Locals:         1       0       0       0       0       0       0       0
      Temps:          0       0       0       0       0       0       0       0
      Totals:         1       0       0       0       0       0       0       0
Total ram usage:        1 bytes
 Hardware stack levels used:    1
 Hardware stack levels required when called:    1
 This function calls:
		Nothing
 This function is called by:
		_serialPrintBT
		_getWiFiData
		_getGSMData
		_getGPSData
		_waitForCommand
		_getSigfoxData
 This function uses a non-reentrant model


 *************** function _serialFindPeripheral *****************
 Defined at:
		line 157 in file "main.c"
 Parameters:    Size  Location     Type
  s               2    1[COMMON] PTR unsigned char 
		 -> STR_11(8), 
 Auto vars:     Size  Location     Type
  i               2    4[COMMON] int 
 Return value:  Size  Location     Type
                  1    wreg      unsigned char 
 Registers used:
		wreg, fsr0l, fsr0h, status,2, status,0, pclath, cstack
 Tracked objects:
		On entry : 
		On exit  : 
		Unchanged: 
 Data sizes:     COMMON   BANK0   BANK1   BANK2   BANK3   BANK4   BANK5   BANK6
      Params:         2       0       0       0       0       0       0       0
      Locals:         2       0       0       0       0       0       0       0
      Temps:          1       0       0       0       0       0       0       0
      Totals:         5       0       0       0       0       0       0       0
Total ram usage:        5 bytes
 Hardware stack levels used:    1
 Hardware stack levels required when called:    2
 This function calls:
		_serialReadPeripheral
 This function is called by:
		_getGPSData
 This function uses a non-reentrant model


 *************** function _serialReadPeripheral *****************
 Defined at:
		line 147 in file "main.c"
 Parameters:    Size  Location     Type
		None
 Auto vars:     Size  Location     Type
		None
 Return value:  Size  Location     Type
                  1    wreg      unsigned char 
 Registers used:
		wreg
 Tracked objects:
		On entry : 
		On exit  : 
		Unchanged: 
 Data sizes:     COMMON   BANK0   BANK1   BANK2   BANK3   BANK4   BANK5   BANK6
      Params:         0       0       0       0       0       0       0       0
      Locals:         0       0       0       0       0       0       0       0
      Temps:          0       0       0       0       0       0       0       0
      Totals:         0       0       0       0       0       0       0       0
Total ram usage:        0 bytes
 Hardware stack levels used:    1
 Hardware stack levels required when called:    1
 This function calls:
		Nothing
 This function is called by:
		_serialFindPeripheral
		_getWiFiData
		_getGSMData
		_getGPSData
		_waitForCommand
		_getSigfoxData
 This function uses a non-reentrant model


 *************** function _initBTSerial *****************
 Defined at:
		line 115 in file "main.c"
 Parameters:    Size  Location     Type
		None
 Auto vars:     Size  Location     Type
		None
 Return value:  Size  Location     Type
                  1    wreg      void 
 Registers used:
		wreg, status,2, status,0
 Tracked objects:
		On entry : 
		On exit  : 
		Unchanged: 
 Data sizes:     COMMON   BANK0   BANK1   BANK2   BANK3   BANK4   BANK5   BANK6
      Params:         0       0       0       0       0       0       0       0
      Locals:         0       0       0       0       0       0       0       0
      Temps:          0       0       0       0       0       0       0       0
      Totals:         0       0       0       0       0       0       0       0
Total ram usage:        0 bytes
 Hardware stack levels used:    1
 Hardware stack levels required when called:    1
 This function calls:
		Nothing
 This function is called by:
		_main
 This function uses a non-reentrant model


 *************** function _timerCount *****************
 Defined at:
		line 262 in file "main.c"
 Parameters:    Size  Location     Type
		None
 Auto vars:     Size  Location     Type
		None
 Return value:  Size  Location     Type
                  1    wreg      void 
 Registers used:
		wreg
 Tracked objects:
		On entry : 
		On exit  : 
		Unchanged: 
 Data sizes:     COMMON   BANK0   BANK1   BANK2   BANK3   BANK4   BANK5   BANK6
      Params:         0       0       0       0       0       0       0       0
      Locals:         0       0       0       0       0       0       0       0
      Temps:          1       0       0       0       0       0       0       0
      Totals:         1       0       0       0       0       0       0       0
Total ram usage:        1 bytes
 Hardware stack levels used:    1
 This function calls:
		Nothing
 This function is called by:
		Interrupt level 1
 This function uses a non-reentrant model



MODULE INFORMATION

Module		Function		Class		Link	Load	Size
C:\Program Files (x86)\Microchip\xc8\v1.44\sources\common\strcmp.c
		_strcmp        		CODE           	0386	0000	40

C:\Program Files (x86)\Microchip\xc8\v1.44\sources\common\strcmp.c estimated size: 40

C:\Program Files (x86)\Microchip\xc8\v1.44\sources\common\strncmp.c
		_strncmp       		CODE           	0346	0000	65

C:\Program Files (x86)\Microchip\xc8\v1.44\sources\common\strncmp.c estimated size: 65

shared
		__initialization		CODE           	0027	0000	7

shared estimated size: 7

main.c
		_sendSigfox    		CODE           	0425	0000	26
		_serialWriteBT 		CODE           	05E7	0000	9
		_getWiFiData   		CODE           	0242	0000	97
		_setActivePeripheral		CODE           	02A2	0000	90
		_main          		CODE           	03AD	0000	35
		_serialWritePeripheral		CODE           	05DF	0000	9
		_serialPrintBT 		CODE           	040B	0000	27
		_initBTSerial  		CODE           	046B	0000	23
		_serialFindPeripheral		CODE           	03CF	0000	35
		_getGPSData    		CODE           	02FB	0000	76
		_serialPrintPeripheral		CODE           	03F1	0000	27
		_sendSMS       		CODE           	01CE	0000	117
		_serialReadBT  		CODE           	05B1	0000	11
		_serialReadPeripheral		CODE           	05BB	0000	11
		_waitForCommand		CODE           	0031	0000	295
		_startTimer    		CODE           	0494	0000	18
		_timerCount    		CODE           	0004	0000	34
		_getGSMData    		CODE           	0157	0000	120

main.c estimated size: 1060

